[
    {
        "@timestamp": "2023-06-23T19:26:45Z",
        "agent": {
            "id": "001",
            "name": "cyb3rhq-agent-1",
            "type": "cyb3rhq-agent"
        },
        "event": {
            "category": [
                "web"
            ],
            "kind": "event",
            "module": "cyb3rhq-dashboard",
            "original": "Jun 23 19:26:45 engine opensearch-dashboards[211576]: {\"type\":\"log\",\"@timestamp\":\"2023-06-23T19:26:45Z\",\"tags\":[\"info\",\"http\",\"server\",\"OpenSearchDashboards\"],\"pid\":211576,\"message\":\"http server running at https://0.0.0.0:443\"}",
            "start": "2024-06-23T19:26:45.000Z",
            "type": [
                "log"
            ]
        },
        "host": {
            "hostname": "engine",
            "id": "001"
        },
        "message": "http server running at https://0.0.0.0:443",
        "process": {
            "name": "opensearch-dashboards",
            "pid": 211576
        },
        "related": {
            "hosts": [
                "engine"
            ]
        },
        "tags": [
            "info",
            "http",
            "server",
            "OpenSearchDashboards"
        ],
        "cyb3rhq": {
            "decoders": [
                "syslog",
                "cyb3rhq-dashboard"
            ],
            "location": "[001] (cyb3rhq-agent-1) any->/test/cyb3rhqapp.log",
            "origin": "/test/cyb3rhqapp.log",
            "queue": 49,
            "registered_ip": "any",
            "source": "logcollector"
        }
    },
    {
        "@timestamp": "2023-06-23T19:26:44Z",
        "agent": {
            "id": "001",
            "name": "cyb3rhq-agent-1",
            "type": "cyb3rhq-agent"
        },
        "event": {
            "category": [
                "web"
            ],
            "kind": "event",
            "module": "cyb3rhq-dashboard",
            "original": "Jun 23 19:26:44 engine opensearch-dashboards[211576]: {\"type\":\"log\",\"@timestamp\":\"2023-06-23T19:26:44Z\",\"tags\":[\"info\",\"savedobjects-service\"],\"pid\":211576,\"message\":\"Waiting until all OpenSearch nodes are compatible with OpenSearch Dashboards before starting saved objects migrations...\"}",
            "start": "2024-06-23T19:26:44.000Z",
            "type": [
                "log"
            ]
        },
        "host": {
            "hostname": "engine",
            "id": "001"
        },
        "message": "Waiting until all OpenSearch nodes are compatible with OpenSearch Dashboards before starting saved objects migrations...",
        "process": {
            "name": "opensearch-dashboards",
            "pid": 211576
        },
        "related": {
            "hosts": [
                "engine"
            ]
        },
        "tags": [
            "info",
            "savedobjects-service"
        ],
        "cyb3rhq": {
            "decoders": [
                "syslog",
                "cyb3rhq-dashboard"
            ],
            "location": "[001] (cyb3rhq-agent-1) any->/test/cyb3rhqapp.log",
            "origin": "/test/cyb3rhqapp.log",
            "queue": 49,
            "registered_ip": "any",
            "source": "logcollector"
        }
    },
    {
        "@timestamp": "2023-06-23T15:10:54Z",
        "agent": {
            "id": "001",
            "name": "cyb3rhq-agent-1",
            "type": "cyb3rhq-agent"
        },
        "event": {
            "category": [
                "web"
            ],
            "kind": "event",
            "module": "cyb3rhq-dashboard",
            "original": "Jun 23 15:10:54 engine opensearch-dashboards[681]: {\"type\":\"log\",\"@timestamp\":\"2023-06-23T15:10:54Z\",\"tags\":[\"error\",\"plugins\",\"securityDashboards\"],\"pid\":681,\"message\":\"Failed authentication: Error: Authentication Exception\"}",
            "start": "2024-06-23T15:10:54.000Z",
            "type": [
                "log"
            ]
        },
        "host": {
            "hostname": "engine",
            "id": "001"
        },
        "message": "Failed authentication: Error: Authentication Exception",
        "process": {
            "name": "opensearch-dashboards",
            "pid": 681
        },
        "related": {
            "hosts": [
                "engine"
            ]
        },
        "tags": [
            "error",
            "plugins",
            "securityDashboards"
        ],
        "cyb3rhq": {
            "decoders": [
                "syslog",
                "cyb3rhq-dashboard"
            ],
            "location": "[001] (cyb3rhq-agent-1) any->/test/cyb3rhqapp.log",
            "origin": "/test/cyb3rhqapp.log",
            "queue": 49,
            "registered_ip": "any",
            "source": "logcollector"
        }
    },
    {
        "@timestamp": "2023-06-23T12:25:00Z",
        "agent": {
            "id": "001",
            "name": "cyb3rhq-agent-1",
            "type": "cyb3rhq-agent"
        },
        "event": {
            "category": [
                "web"
            ],
            "kind": "event",
            "module": "cyb3rhq-dashboard",
            "original": "Jun 23 12:25:00 engine opensearch-dashboards[681]: {\"type\":\"log\",\"@timestamp\":\"2023-06-23T12:25:00Z\",\"tags\":[\"error\",\"plugins\",\"cyb3rhq\",\"cron-scheduler\"],\"pid\":681,\"message\":\"Error: Request failed with status code 400\"}",
            "start": "2024-06-23T12:25:00.000Z",
            "type": [
                "log"
            ]
        },
        "host": {
            "hostname": "engine",
            "id": "001"
        },
        "message": "Error: Request failed with status code 400",
        "process": {
            "name": "opensearch-dashboards",
            "pid": 681
        },
        "related": {
            "hosts": [
                "engine"
            ]
        },
        "tags": [
            "error",
            "plugins",
            "cyb3rhq",
            "cron-scheduler"
        ],
        "cyb3rhq": {
            "decoders": [
                "syslog",
                "cyb3rhq-dashboard"
            ],
            "location": "[001] (cyb3rhq-agent-1) any->/test/cyb3rhqapp.log",
            "origin": "/test/cyb3rhqapp.log",
            "queue": 49,
            "registered_ip": "any",
            "source": "logcollector"
        }
    },
    {
        "@timestamp": "2023-06-26T04:20:00Z",
        "agent": {
            "id": "001",
            "name": "cyb3rhq-agent-1",
            "type": "cyb3rhq-agent"
        },
        "event": {
            "category": [
                "web"
            ],
            "kind": "event",
            "module": "cyb3rhq-dashboard",
            "original": "Jun 26 04:20:00 engine opensearch-dashboards[681]: {\"type\":\"log\",\"@timestamp\":\"2023-06-26T04:20:00Z\",\"tags\":[\"error\",\"plugins\",\"cyb3rhq\",\"cron-scheduler\"],\"pid\":681,\"message\":\"Error: connect ECONNREFUSED 127.0.0.1:55000\"}",
            "start": "2024-06-26T04:20:00.000Z",
            "type": [
                "log"
            ]
        },
        "host": {
            "hostname": "engine",
            "id": "001"
        },
        "message": "Error: connect ECONNREFUSED 127.0.0.1:55000",
        "process": {
            "name": "opensearch-dashboards",
            "pid": 681
        },
        "related": {
            "hosts": [
                "engine"
            ]
        },
        "tags": [
            "error",
            "plugins",
            "cyb3rhq",
            "cron-scheduler"
        ],
        "cyb3rhq": {
            "decoders": [
                "syslog",
                "cyb3rhq-dashboard"
            ],
            "location": "[001] (cyb3rhq-agent-1) any->/test/cyb3rhqapp.log",
            "origin": "/test/cyb3rhqapp.log",
            "queue": 49,
            "registered_ip": "any",
            "source": "logcollector"
        }
    }
]
